Exp 1: inner-CV iterate selection for fw_lr (+ margin sweep)
  breast_cancer: n=569, d=30, pos=212 (1:1.7)
  synthetic_1to50: n=4000, d=20, pos=108 (1:36.0)
  pima_diabetes: n=768, d=8, pos=268 (1:1.9)
  german_credit: n=1000, d=20, pos=300 (1:2.3)
  spambase: n=4601, d=57, pos=1813 (1:1.5)
  satimage_4: n=6430, d=36, pos=625 (1:9.3)
  abalone_19: n=4177, d=8, pos=94 (1:43.4)
  synthetic_1to50 (5s): lr_balanced_cv=0.7902±0.023 fw_lr_cv_m0=0.7960±0.025 fw_lr_cv_m2=0.7923±0.024 median_t=6
  satimage_4 (15s): lr_balanced_cv=0.7668±0.009 fw_lr_cv_m0=0.7662±0.009 fw_lr_cv_m2=0.7668±0.009 median_t=0
  abalone_19 (5s): lr_balanced_cv=0.9189±0.016 fw_lr_cv_m0=0.9195±0.016 fw_lr_cv_m2=0.9189±0.016 median_t=0
  german_credit (3s): lr_balanced_cv=0.7804±0.026 fw_lr_cv_m0=0.7810±0.024 fw_lr_cv_m2=0.7806±0.026 median_t=2
Exp 2: FW-BPR around gradient-boosted trees
  breast_cancer: n=569, d=30, pos=212 (1:1.7)
  synthetic_1to50: n=4000, d=20, pos=108 (1:36.0)
  pima_diabetes: n=768, d=8, pos=268 (1:1.9)
  german_credit: n=1000, d=20, pos=300 (1:2.3)
  spambase: n=4601, d=57, pos=1813 (1:1.5)
  satimage_4: n=6430, d=36, pos=625 (1:9.3)
  abalone_19: n=4177, d=8, pos=94 (1:43.4)
  synthetic_1to50 (54s): gbt_plain=0.7950±0.026 gbt_balanced=0.7992±0.026 fw_gbt=0.7992±0.026 
  spambase (72s): gbt_plain=0.9865±0.003 gbt_balanced=0.9865±0.003 fw_gbt=0.9865±0.003 
  satimage_4 (32s): gbt_plain=0.9596±0.004 gbt_balanced=0.9586±0.004 fw_gbt=0.9586±0.004 
  abalone_19 (35s): gbt_plain=0.8410±0.024 gbt_balanced=0.8236±0.036 fw_gbt=0.8236±0.036 
Wrote results/followup.md
